[1102/184925.577:ERROR:filesystem_win.cc(129)] GetFileAttributes C:\Users\Håvard\AppData\Local\Google\Chrome\User Data\Crashpad\attachments\f5ded1b1-b5da-4f69-8f83-fd9a4a5aef47: The system cannot find the path specified. (0x3)
[1102/184925.578:ERROR:directory_reader_win.cc(43)] FindFirstFile: The system cannot find the path specified. (0x3)
[1102/212600.186:ERROR:process_reader_win.cc(123)] NtOpenThread: {Access Denied} A process has requested access to an object, but has not been granted those access rights. (0xc0000022)
[1102/212600.189:ERROR:exception_snapshot_win.cc(99)] thread ID 12724 not found in process
[1102/212600.189:ERROR:process_reader_win.cc(151)] SuspendThread: Access is denied. (0x5)
[1102/212600.189:ERROR:process_reader_win.cc(151)] SuspendThread: Access is denied. (0x5)
[1102/212600.190:ERROR:process_reader_win.cc(151)] SuspendThread: Access is denied. (0x5)
[1102/212600.189:ERROR:process_reader_win.cc(123)] NtOpenThread: {Access Denied} A process has requested access to an object, but has not been granted those access rights. (0xc0000022)
[1102/212600.190:ERROR:process_reader_win.cc(151)] SuspendThread: Access is denied. (0x5)
[1102/212600.190:ERROR:exception_snapshot_win.cc(99)] thread ID 28976 not found in process
[1102/212600.190:ERROR:process_reader_win.cc(151)] SuspendThread: Access is denied. (0x5)
[1102/212600.190:ERROR:process_reader_win.cc(151)] SuspendThread: Access is denied. (0x5)
[1102/212600.190:ERROR:process_reader_win.cc(151)] SuspendThread: Access is denied. (0x5)
[1102/212600.190:ERROR:process_reader_win.cc(151)] SuspendThread: Access is denied. (0x5)
[1102/212600.190:ERROR:process_reader_win.cc(151)] SuspendThread: Access is denied. (0x5)
[1102/212600.190:ERROR:process_reader_win.cc(151)] SuspendThread: Access is denied. (0x5)
[1102/212600.190:ERROR:process_reader_win.cc(151)] SuspendThread: Access is denied. (0x5)
[1102/212600.190:ERROR:process_reader_win.cc(151)] SuspendThread: Access is denied. (0x5)
[1102/212600.190:ERROR:process_reader_win.cc(151)] SuspendThread: Access is denied. (0x5)
[1102/212600.190:ERROR:process_reader_win.cc(151)] SuspendThread: Access is denied. (0x5)
[1102/212600.190:ERROR:process_reader_win.cc(151)] SuspendThread: Access is denied. (0x5)
[1102/212600.190:ERROR:process_reader_win.cc(123)] NtOpenThread: {Access Denied} A process has requested access to an object, but has not been granted those access rights. (0xc0000022)
[1102/212600.191:ERROR:exception_snapshot_win.cc(99)] thread ID 26668 not found in process
[1102/212600.194:ERROR:process_reader_win.cc(151)] SuspendThread: Access is denied. (0x5)
[1102/212600.195:ERROR:process_reader_win.cc(151)] SuspendThread: Access is denied. (0x5)
[1102/212600.195:ERROR:process_reader_win.cc(151)] SuspendThread: Access is denied. (0x5)
[1102/212600.195:ERROR:process_reader_win.cc(151)] SuspendThread: Access is denied. (0x5)
[1102/212600.195:ERROR:process_reader_win.cc(151)] SuspendThread: Access is denied. (0x5)
[1102/212600.195:ERROR:process_reader_win.cc(151)] SuspendThread: Access is denied. (0x5)
[1102/212600.195:ERROR:process_reader_win.cc(151)] SuspendThread: Access is denied. (0x5)
[1102/212600.195:ERROR:process_reader_win.cc(151)] SuspendThread: Access is denied. (0x5)
[1102/212600.195:ERROR:process_reader_win.cc(151)] SuspendThread: Access is denied. (0x5)
[1102/212600.195:ERROR:process_reader_win.cc(151)] SuspendThread: Access is denied. (0x5)
[1102/212600.195:ERROR:process_reader_win.cc(151)] SuspendThread: Access is denied. (0x5)
[1102/212600.195:ERROR:process_reader_win.cc(151)] SuspendThread: Access is denied. (0x5)
[1102/212600.195:ERROR:process_reader_win.cc(151)] SuspendThread: Access is denied. (0x5)
[1102/212600.195:ERROR:process_reader_win.cc(151)] SuspendThread: Access is denied. (0x5)
[1102/212600.195:ERROR:process_reader_win.cc(151)] SuspendThread: Access is denied. (0x5)
[1102/212600.195:ERROR:process_reader_win.cc(123)] NtOpenThread: {Access Denied} A process has requested access to an object, but has not been granted those access rights. (0xc0000022)
[1102/212600.195:ERROR:exception_snapshot_win.cc(99)] thread ID 32944 not found in process
[1102/212600.203:ERROR:process_reader_win.cc(151)] SuspendThread: Access is denied. (0x5)
[1102/212600.204:ERROR:process_reader_win.cc(151)] SuspendThread: Access is denied. (0x5)
[1102/212600.204:ERROR:process_reader_win.cc(151)] SuspendThread: Access is denied. (0x5)
[1102/212600.204:ERROR:process_reader_win.cc(151)] SuspendThread: Access is denied. (0x5)
[1102/212600.204:ERROR:process_reader_win.cc(151)] SuspendThread: Access is denied. (0x5)
[1102/212600.204:ERROR:process_reader_win.cc(151)] SuspendThread: Access is denied. (0x5)
[1102/212600.204:ERROR:process_reader_win.cc(151)] SuspendThread: Access is denied. (0x5)
[1102/212600.204:ERROR:process_reader_win.cc(151)] SuspendThread: Access is denied. (0x5)
[1102/212600.204:ERROR:process_reader_win.cc(151)] SuspendThread: Access is denied. (0x5)
[1102/212600.204:ERROR:process_reader_win.cc(151)] SuspendThread: Access is denied. (0x5)
[1102/212600.204:ERROR:process_reader_win.cc(151)] SuspendThread: Access is denied. (0x5)
[1102/212600.204:ERROR:process_reader_win.cc(151)] SuspendThread: Access is denied. (0x5)
[1102/212600.204:ERROR:process_reader_win.cc(151)] SuspendThread: Access is denied. (0x5)
[1102/212600.204:ERROR:process_reader_win.cc(151)] SuspendThread: Access is denied. (0x5)
[1102/212600.204:ERROR:process_reader_win.cc(151)] SuspendThread: Access is denied. (0x5)
[1102/212600.204:ERROR:process_reader_win.cc(123)] NtOpenThread: {Access Denied} A process has requested access to an object, but has not been granted those access rights. (0xc0000022)
[1102/212600.204:ERROR:exception_snapshot_win.cc(99)] thread ID 25768 not found in process
[1102/212600.209:ERROR:process_reader_win.cc(151)] SuspendThread: Access is denied. (0x5)
[1102/212600.209:ERROR:process_reader_win.cc(151)] SuspendThread: Access is denied. (0x5)
[1102/212600.209:ERROR:process_reader_win.cc(151)] SuspendThread: Access is denied. (0x5)
[1102/212600.209:ERROR:process_reader_win.cc(151)] SuspendThread: Access is denied. (0x5)
[1102/212600.210:ERROR:process_reader_win.cc(151)] SuspendThread: Access is denied. (0x5)
[1102/212600.210:ERROR:process_reader_win.cc(151)] SuspendThread: Access is denied. (0x5)
[1102/212600.210:ERROR:process_reader_win.cc(151)] SuspendThread: Access is denied. (0x5)
[1102/212600.210:ERROR:process_reader_win.cc(151)] SuspendThread: Access is denied. (0x5)
[1102/212600.210:ERROR:process_reader_win.cc(151)] SuspendThread: Access is denied. (0x5)
[1102/212600.210:ERROR:process_reader_win.cc(151)] SuspendThread: Access is denied. (0x5)
[1102/212600.210:ERROR:process_reader_win.cc(151)] SuspendThread: Access is denied. (0x5)
[1102/212600.210:ERROR:process_reader_win.cc(151)] SuspendThread: Access is denied. (0x5)
[1102/212600.210:ERROR:process_reader_win.cc(151)] SuspendThread: Access is denied. (0x5)
[1102/212600.210:ERROR:process_reader_win.cc(151)] SuspendThread: Access is denied. (0x5)
[1102/212600.210:ERROR:process_reader_win.cc(151)] SuspendThread: Access is denied. (0x5)
[1102/212600.210:ERROR:process_reader_win.cc(123)] NtOpenThread: {Access Denied} A process has requested access to an object, but has not been granted those access rights. (0xc0000022)
[1102/212600.210:ERROR:exception_snapshot_win.cc(99)] thread ID 16976 not found in process
[1102/212600.210:ERROR:process_reader_win.cc(123)] NtOpenThread: {Access Denied} A process has requested access to an object, but has not been granted those access rights. (0xc0000022)
[1102/212600.211:ERROR:exception_snapshot_win.cc(99)] thread ID 23580 not found in process
[1102/212600.218:ERROR:process_reader_win.cc(151)] SuspendThread: Access is denied. (0x5)
[1102/212600.219:ERROR:process_reader_win.cc(151)] SuspendThread: Access is denied. (0x5)
[1102/212600.219:ERROR:process_reader_win.cc(151)] SuspendThread: Access is denied. (0x5)
[1102/212600.219:ERROR:process_reader_win.cc(151)] SuspendThread: Access is denied. (0x5)
[1102/212600.219:ERROR:process_reader_win.cc(151)] SuspendThread: Access is denied. (0x5)
[1102/212600.219:ERROR:process_reader_win.cc(151)] SuspendThread: Access is denied. (0x5)
[1102/212600.219:ERROR:process_reader_win.cc(151)] SuspendThread: Access is denied. (0x5)
[1102/212600.219:ERROR:process_reader_win.cc(151)] SuspendThread: Access is denied. (0x5)
[1102/212600.219:ERROR:process_reader_win.cc(151)] SuspendThread: Access is denied. (0x5)
[1102/212600.219:ERROR:process_reader_win.cc(151)] SuspendThread: Access is denied. (0x5)
[1102/212600.219:ERROR:process_reader_win.cc(151)] SuspendThread: Access is denied. (0x5)
[1102/212600.219:ERROR:process_reader_win.cc(151)] SuspendThread: Access is denied. (0x5)
[1102/212600.219:ERROR:process_reader_win.cc(151)] SuspendThread: Access is denied. (0x5)
[1102/212600.219:ERROR:process_reader_win.cc(151)] SuspendThread: Access is denied. (0x5)
[1102/212600.219:ERROR:process_reader_win.cc(151)] SuspendThread: Access is denied. (0x5)
[1102/212600.219:ERROR:process_reader_win.cc(123)] NtOpenThread: {Access Denied} A process has requested access to an object, but has not been granted those access rights. (0xc0000022)
[1102/212600.219:ERROR:exception_snapshot_win.cc(99)] thread ID 33008 not found in process
[1102/212600.223:ERROR:process_reader_win.cc(151)] SuspendThread: Access is denied. (0x5)
[1102/212600.224:ERROR:process_reader_win.cc(151)] SuspendThread: Access is denied. (0x5)
[1102/212600.224:ERROR:process_reader_win.cc(151)] SuspendThread: Access is denied. (0x5)
[1102/212600.224:ERROR:process_reader_win.cc(151)] SuspendThread: Access is denied. (0x5)
[1102/212600.224:ERROR:process_reader_win.cc(151)] SuspendThread: Access is denied. (0x5)
[1102/212600.224:ERROR:process_reader_win.cc(151)] SuspendThread: Access is denied. (0x5)
[1102/212600.224:ERROR:process_reader_win.cc(151)] SuspendThread: Access is denied. (0x5)
[1102/212600.224:ERROR:process_reader_win.cc(151)] SuspendThread: Access is denied. (0x5)
[1102/212600.224:ERROR:process_reader_win.cc(151)] SuspendThread: Access is denied. (0x5)
[1102/212600.224:ERROR:process_reader_win.cc(151)] SuspendThread: Access is denied. (0x5)
[1102/212600.224:ERROR:process_reader_win.cc(151)] SuspendThread: Access is denied. (0x5)
[1102/212600.224:ERROR:process_reader_win.cc(151)] SuspendThread: Access is denied. (0x5)
[1102/212600.224:ERROR:process_reader_win.cc(151)] SuspendThread: Access is denied. (0x5)
[1102/212600.224:ERROR:process_reader_win.cc(151)] SuspendThread: Access is denied. (0x5)
[1102/212600.224:ERROR:process_reader_win.cc(151)] SuspendThread: Access is denied. (0x5)
[1102/212600.224:ERROR:process_reader_win.cc(151)] SuspendThread: Access is denied. (0x5)
[1102/212600.224:ERROR:process_reader_win.cc(151)] SuspendThread: Access is denied. (0x5)
[1102/212600.224:ERROR:process_reader_win.cc(151)] SuspendThread: Access is denied. (0x5)
[1102/212600.225:ERROR:process_reader_win.cc(151)] SuspendThread: Access is denied. (0x5)
[1102/212600.225:ERROR:process_reader_win.cc(151)] SuspendThread: Access is denied. (0x5)
[1102/212600.225:ERROR:process_reader_win.cc(151)] SuspendThread: Access is denied. (0x5)
[1102/212600.225:ERROR:process_reader_win.cc(151)] SuspendThread: Access is denied. (0x5)
[1102/212600.225:ERROR:process_reader_win.cc(151)] SuspendThread: Access is denied. (0x5)
[1102/212600.225:ERROR:process_reader_win.cc(123)] NtOpenThread: {Access Denied} A process has requested access to an object, but has not been granted those access rights. (0xc0000022)
[1102/212600.225:ERROR:process_reader_win.cc(151)] SuspendThread: Access is denied. (0x5)
[1102/212600.225:ERROR:process_reader_win.cc(151)] SuspendThread: Access is denied. (0x5)
[1102/212600.225:ERROR:process_reader_win.cc(151)] SuspendThread: Access is denied. (0x5)
[1102/212600.225:ERROR:exception_snapshot_win.cc(99)] thread ID 31336 not found in process
[1102/212600.225:ERROR:process_reader_win.cc(151)] SuspendThread: Access is denied. (0x5)
[1102/212600.225:ERROR:process_reader_win.cc(151)] SuspendThread: Access is denied. (0x5)
[1102/212600.225:ERROR:process_reader_win.cc(151)] SuspendThread: Access is denied. (0x5)
[1102/212600.225:ERROR:process_reader_win.cc(151)] SuspendThread: Access is denied. (0x5)
[1102/212600.225:ERROR:process_reader_win.cc(151)] SuspendThread: Access is denied. (0x5)
[1102/212600.225:ERROR:process_reader_win.cc(123)] NtOpenThread: {Access Denied} A process has requested access to an object, but has not been granted those access rights. (0xc0000022)
[1102/212600.225:ERROR:exception_snapshot_win.cc(99)] thread ID 30392 not found in process
[1102/212600.245:ERROR:process_reader_win.cc(151)] SuspendThread: Access is denied. (0x5)
[1102/212600.245:ERROR:process_reader_win.cc(151)] SuspendThread: Access is denied. (0x5)
[1102/212600.245:ERROR:process_reader_win.cc(151)] SuspendThread: Access is denied. (0x5)
[1102/212600.245:ERROR:process_reader_win.cc(151)] SuspendThread: Access is denied. (0x5)
[1102/212600.245:ERROR:process_reader_win.cc(151)] SuspendThread: Access is denied. (0x5)
[1102/212600.245:ERROR:process_reader_win.cc(151)] SuspendThread: Access is denied. (0x5)
[1102/212600.245:ERROR:process_reader_win.cc(151)] SuspendThread: Access is denied. (0x5)
[1102/212600.246:ERROR:process_reader_win.cc(151)] SuspendThread: Access is denied. (0x5)
[1102/212600.246:ERROR:process_reader_win.cc(151)] SuspendThread: Access is denied. (0x5)
[1102/212600.246:ERROR:process_reader_win.cc(151)] SuspendThread: Access is denied. (0x5)
[1102/212600.246:ERROR:process_reader_win.cc(151)] SuspendThread: Access is denied. (0x5)
[1102/212600.246:ERROR:process_reader_win.cc(151)] SuspendThread: Access is denied. (0x5)
[1102/212600.245:ERROR:process_reader_win.cc(151)] SuspendThread: Access is denied. (0x5)
[1102/212600.246:ERROR:process_reader_win.cc(151)] SuspendThread: Access is denied. (0x5)
[1102/212600.246:ERROR:process_reader_win.cc(151)] SuspendThread: Access is denied. (0x5)
[1102/212600.246:ERROR:process_reader_win.cc(151)] SuspendThread: Access is denied. (0x5)
[1102/212600.246:ERROR:process_reader_win.cc(151)] SuspendThread: Access is denied. (0x5)
[1102/212600.246:ERROR:process_reader_win.cc(151)] SuspendThread: Access is denied. (0x5)
[1102/212600.246:ERROR:process_reader_win.cc(151)] SuspendThread: Access is denied. (0x5)
[1102/212600.246:ERROR:process_reader_win.cc(151)] SuspendThread: Access is denied. (0x5)
[1102/212600.246:ERROR:process_reader_win.cc(151)] SuspendThread: Access is denied. (0x5)
[1102/212600.246:ERROR:process_reader_win.cc(151)] SuspendThread: Access is denied. (0x5)
[1102/212600.246:ERROR:process_reader_win.cc(151)] SuspendThread: Access is denied. (0x5)
[1102/212600.246:ERROR:process_reader_win.cc(151)] SuspendThread: Access is denied. (0x5)
[1102/212600.246:ERROR:process_reader_win.cc(151)] SuspendThread: Access is denied. (0x5)
[1102/212600.246:ERROR:process_reader_win.cc(123)] NtOpenThread: {Access Denied} A process has requested access to an object, but has not been granted those access rights. (0xc0000022)
[1102/212600.247:ERROR:exception_snapshot_win.cc(99)] thread ID 12332 not found in process
[1102/212600.246:ERROR:process_reader_win.cc(151)] SuspendThread: Access is denied. (0x5)
[1102/212600.247:ERROR:process_reader_win.cc(151)] SuspendThread: Access is denied. (0x5)
[1102/212600.247:ERROR:process_reader_win.cc(151)] SuspendThread: Access is denied. (0x5)
[1102/212600.247:ERROR:process_reader_win.cc(123)] NtOpenThread: {Access Denied} A process has requested access to an object, but has not been granted those access rights. (0xc0000022)
[1102/212600.247:ERROR:exception_snapshot_win.cc(99)] thread ID 29704 not found in process
[1102/212600.248:ERROR:process_reader_win.cc(151)] SuspendThread: Access is denied. (0x5)
[1102/212600.248:ERROR:process_reader_win.cc(151)] SuspendThread: Access is denied. (0x5)
[1102/212600.248:ERROR:process_reader_win.cc(151)] SuspendThread: Access is denied. (0x5)
[1102/212600.248:ERROR:process_reader_win.cc(151)] SuspendThread: Access is denied. (0x5)
[1102/212600.248:ERROR:process_reader_win.cc(151)] SuspendThread: Access is denied. (0x5)
[1102/212600.248:ERROR:process_reader_win.cc(151)] SuspendThread: Access is denied. (0x5)
[1102/212600.249:ERROR:process_reader_win.cc(151)] SuspendThread: Access is denied. (0x5)
[1102/212600.249:ERROR:process_reader_win.cc(151)] SuspendThread: Access is denied. (0x5)
[1102/212600.249:ERROR:process_reader_win.cc(151)] SuspendThread: Access is denied. (0x5)
[1102/212600.248:ERROR:process_reader_win.cc(151)] SuspendThread: Access is denied. (0x5)
[1102/212600.249:ERROR:process_reader_win.cc(151)] SuspendThread: Access is denied. (0x5)
[1102/212600.249:ERROR:process_reader_win.cc(151)] SuspendThread: Access is denied. (0x5)
[1102/212600.249:ERROR:process_reader_win.cc(151)] SuspendThread: Access is denied. (0x5)
[1102/212600.249:ERROR:process_reader_win.cc(151)] SuspendThread: Access is denied. (0x5)
[1102/212600.249:ERROR:process_reader_win.cc(151)] SuspendThread: Access is denied. (0x5)
[1102/212600.249:ERROR:process_reader_win.cc(151)] SuspendThread: Access is denied. (0x5)
[1102/212600.249:ERROR:process_reader_win.cc(151)] SuspendThread: Access is denied. (0x5)
[1102/212600.249:ERROR:process_reader_win.cc(151)] SuspendThread: Access is denied. (0x5)
[1102/212600.249:ERROR:process_reader_win.cc(151)] SuspendThread: Access is denied. (0x5)
[1102/212600.249:ERROR:process_reader_win.cc(151)] SuspendThread: Access is denied. (0x5)
[1102/212600.249:ERROR:process_reader_win.cc(151)] SuspendThread: Access is denied. (0x5)
[1102/212600.249:ERROR:process_reader_win.cc(151)] SuspendThread: Access is denied. (0x5)
[1102/212600.249:ERROR:process_reader_win.cc(151)] SuspendThread: Access is denied. (0x5)
[1102/212600.249:ERROR:process_reader_win.cc(151)] SuspendThread: Access is denied. (0x5)
[1102/212600.249:ERROR:process_reader_win.cc(151)] SuspendThread: Access is denied. (0x5)
[1102/212600.249:ERROR:process_reader_win.cc(151)] SuspendThread: Access is denied. (0x5)
[1102/212600.249:ERROR:process_reader_win.cc(151)] SuspendThread: Access is denied. (0x5)
[1102/212600.249:ERROR:process_reader_win.cc(151)] SuspendThread: Access is denied. (0x5)
[1102/212600.249:ERROR:process_reader_win.cc(151)] SuspendThread: Access is denied. (0x5)
[1102/212600.249:ERROR:process_reader_win.cc(151)] SuspendThread: Access is denied. (0x5)
[1102/212600.249:ERROR:process_reader_win.cc(123)] NtOpenThread: {Access Denied} A process has requested access to an object, but has not been granted those access rights. (0xc0000022)
[1102/212600.249:ERROR:process_reader_win.cc(151)] SuspendThread: Access is denied. (0x5)
[1102/212600.249:ERROR:process_reader_win.cc(151)] SuspendThread: Access is denied. (0x5)
[1102/212600.249:ERROR:process_reader_win.cc(151)] SuspendThread: Access is denied. (0x5)
[1102/212600.249:ERROR:process_reader_win.cc(151)] SuspendThread: Access is denied. (0x5)
[1102/212600.249:ERROR:process_reader_win.cc(151)] SuspendThread: Access is denied. (0x5)
[1102/212600.249:ERROR:exception_snapshot_win.cc(99)] thread ID 19812 not found in process
[1102/212600.249:ERROR:process_reader_win.cc(151)] SuspendThread: Access is denied. (0x5)
[1102/212600.249:ERROR:process_reader_win.cc(151)] SuspendThread: Access is denied. (0x5)
[1102/212600.249:ERROR:process_reader_win.cc(151)] SuspendThread: Access is denied. (0x5)
[1102/212600.249:ERROR:process_reader_win.cc(151)] SuspendThread: Access is denied. (0x5)
[1102/212600.249:ERROR:process_reader_win.cc(151)] SuspendThread: Access is denied. (0x5)
[1102/212600.249:ERROR:process_reader_win.cc(151)] SuspendThread: Access is denied. (0x5)
[1102/212600.249:ERROR:process_reader_win.cc(151)] SuspendThread: Access is denied. (0x5)
[1102/212600.249:ERROR:process_reader_win.cc(151)] SuspendThread: Access is denied. (0x5)
[1102/212600.250:ERROR:process_reader_win.cc(151)] SuspendThread: Access is denied. (0x5)
[1102/212600.250:ERROR:process_reader_win.cc(151)] SuspendThread: Access is denied. (0x5)
[1102/212600.250:ERROR:process_reader_win.cc(151)] SuspendThread: Access is denied. (0x5)
[1102/212600.250:ERROR:process_reader_win.cc(151)] SuspendThread: Access is denied. (0x5)
[1102/212600.250:ERROR:process_reader_win.cc(151)] SuspendThread: Access is denied. (0x5)
[1102/212600.250:ERROR:process_reader_win.cc(151)] SuspendThread: Access is denied. (0x5)
[1102/212600.250:ERROR:process_reader_win.cc(151)] SuspendThread: Access is denied. (0x5)
[1102/212600.250:ERROR:process_reader_win.cc(151)] SuspendThread: Access is denied. (0x5)
[1102/212600.250:ERROR:process_reader_win.cc(151)] SuspendThread: Access is denied. (0x5)
[1102/212600.250:ERROR:process_reader_win.cc(123)] NtOpenThread: {Access Denied} A process has requested access to an object, but has not been granted those access rights. (0xc0000022)
[1102/212600.250:ERROR:process_reader_win.cc(151)] SuspendThread: Access is denied. (0x5)
[1102/212600.250:ERROR:process_reader_win.cc(151)] SuspendThread: Access is denied. (0x5)
[1102/212600.250:ERROR:process_reader_win.cc(151)] SuspendThread: Access is denied. (0x5)
[1102/212600.250:ERROR:process_reader_win.cc(151)] SuspendThread: Access is denied. (0x5)
[1102/212600.250:ERROR:process_reader_win.cc(123)] NtOpenThread: {Access Denied} A process has requested access to an object, but has not been granted those access rights. (0xc0000022)
[1102/212600.250:ERROR:process_reader_win.cc(151)] SuspendThread: Access is denied. (0x5)
[1102/212600.250:ERROR:exception_snapshot_win.cc(99)] thread ID 19028 not found in process
[1102/212600.250:ERROR:process_reader_win.cc(151)] SuspendThread: Access is denied. (0x5)
[1102/212600.250:ERROR:process_reader_win.cc(123)] NtOpenThread: {Access Denied} A process has requested access to an object, but has not been granted those access rights. (0xc0000022)
[1102/212600.250:ERROR:exception_snapshot_win.cc(99)] thread ID 31144 not found in process
[1102/212600.250:ERROR:exception_snapshot_win.cc(99)] thread ID 4848 not found in process
[1102/212600.253:ERROR:process_reader_win.cc(151)] SuspendThread: Access is denied. (0x5)
[1102/212600.253:ERROR:process_reader_win.cc(151)] SuspendThread: Access is denied. (0x5)
[1102/212600.254:ERROR:process_reader_win.cc(151)] SuspendThread: Access is denied. (0x5)
[1102/212600.254:ERROR:process_reader_win.cc(151)] SuspendThread: Access is denied. (0x5)
[1102/212600.254:ERROR:process_reader_win.cc(151)] SuspendThread: Access is denied. (0x5)
[1102/212600.254:ERROR:process_reader_win.cc(151)] SuspendThread: Access is denied. (0x5)
[1102/212600.254:ERROR:process_reader_win.cc(151)] SuspendThread: Access is denied. (0x5)
[1102/212600.254:ERROR:process_reader_win.cc(151)] SuspendThread: Access is denied. (0x5)
[1102/212600.254:ERROR:process_reader_win.cc(151)] SuspendThread: Access is denied. (0x5)
[1102/212600.254:ERROR:process_reader_win.cc(151)] SuspendThread: Access is denied. (0x5)
[1102/212600.254:ERROR:process_reader_win.cc(151)] SuspendThread: Access is denied. (0x5)
[1102/212600.254:ERROR:process_reader_win.cc(151)] SuspendThread: Access is denied. (0x5)
[1102/212600.254:ERROR:process_reader_win.cc(123)] NtOpenThread: {Access Denied} A process has requested access to an object, but has not been granted those access rights. (0xc0000022)
[1102/212600.254:ERROR:exception_snapshot_win.cc(99)] thread ID 26444 not found in process
[1102/212600.267:ERROR:process_reader_win.cc(151)] SuspendThread: Access is denied. (0x5)
[1102/212600.267:ERROR:process_reader_win.cc(151)] SuspendThread: Access is denied. (0x5)
[1102/212600.267:ERROR:process_reader_win.cc(151)] SuspendThread: Access is denied. (0x5)
[1102/212600.267:ERROR:process_reader_win.cc(151)] SuspendThread: Access is denied. (0x5)
[1102/212600.267:ERROR:process_reader_win.cc(151)] SuspendThread: Access is denied. (0x5)
[1102/212600.267:ERROR:process_reader_win.cc(151)] SuspendThread: Access is denied. (0x5)
[1102/212600.267:ERROR:process_reader_win.cc(151)] SuspendThread: Access is denied. (0x5)
[1102/212600.267:ERROR:process_reader_win.cc(151)] SuspendThread: Access is denied. (0x5)
[1102/212600.267:ERROR:process_reader_win.cc(151)] SuspendThread: Access is denied. (0x5)
[1102/212600.267:ERROR:process_reader_win.cc(151)] SuspendThread: Access is denied. (0x5)
[1102/212600.267:ERROR:process_reader_win.cc(151)] SuspendThread: Access is denied. (0x5)
[1102/212600.267:ERROR:process_reader_win.cc(151)] SuspendThread: Access is denied. (0x5)
[1102/212600.267:ERROR:process_reader_win.cc(123)] NtOpenThread: {Access Denied} A process has requested access to an object, but has not been granted those access rights. (0xc0000022)
[1102/212600.268:ERROR:exception_snapshot_win.cc(99)] thread ID 31068 not found in process
[1102/212600.272:ERROR:process_reader_win.cc(151)] SuspendThread: Access is denied. (0x5)
[1102/212600.272:ERROR:process_reader_win.cc(151)] SuspendThread: Access is denied. (0x5)
[1102/212600.272:ERROR:process_reader_win.cc(151)] SuspendThread: Access is denied. (0x5)
[1102/212600.272:ERROR:process_reader_win.cc(151)] SuspendThread: Access is denied. (0x5)
[1102/212600.272:ERROR:process_reader_win.cc(151)] SuspendThread: Access is denied. (0x5)
[1102/212600.272:ERROR:process_reader_win.cc(151)] SuspendThread: Access is denied. (0x5)
[1102/212600.272:ERROR:process_reader_win.cc(151)] SuspendThread: Access is denied. (0x5)
[1102/212600.272:ERROR:process_reader_win.cc(151)] SuspendThread: Access is denied. (0x5)
[1102/212600.272:ERROR:process_reader_win.cc(151)] SuspendThread: Access is denied. (0x5)
[1102/212600.272:ERROR:process_reader_win.cc(151)] SuspendThread: Access is denied. (0x5)
[1102/212600.272:ERROR:process_reader_win.cc(151)] SuspendThread: Access is denied. (0x5)
[1102/212600.272:ERROR:process_reader_win.cc(151)] SuspendThread: Access is denied. (0x5)
[1102/212600.272:ERROR:process_reader_win.cc(151)] SuspendThread: Access is denied. (0x5)
[1102/212600.272:ERROR:process_reader_win.cc(151)] SuspendThread: Access is denied. (0x5)
[1102/212600.272:ERROR:process_reader_win.cc(151)] SuspendThread: Access is denied. (0x5)
[1102/212600.272:ERROR:process_reader_win.cc(151)] SuspendThread: Access is denied. (0x5)
[1102/212600.272:ERROR:process_reader_win.cc(151)] SuspendThread: Access is denied. (0x5)
[1102/212600.273:ERROR:process_reader_win.cc(151)] SuspendThread: Access is denied. (0x5)
[1102/212600.273:ERROR:process_reader_win.cc(151)] SuspendThread: Access is denied. (0x5)
[1102/212600.273:ERROR:process_reader_win.cc(151)] SuspendThread: Access is denied. (0x5)
[1102/212600.273:ERROR:process_reader_win.cc(151)] SuspendThread: Access is denied. (0x5)
[1102/212600.273:ERROR:process_reader_win.cc(123)] NtOpenThread: {Access Denied} A process has requested access to an object, but has not been granted those access rights. (0xc0000022)
[1102/212600.273:ERROR:process_reader_win.cc(151)] SuspendThread: Access is denied. (0x5)
[1102/212600.273:ERROR:process_reader_win.cc(151)] SuspendThread: Access is denied. (0x5)
[1102/212600.273:ERROR:process_reader_win.cc(151)] SuspendThread: Access is denied. (0x5)
[1102/212600.273:ERROR:exception_snapshot_win.cc(99)] thread ID 27084 not found in process
[1102/212600.273:ERROR:process_reader_win.cc(151)] SuspendThread: Access is denied. (0x5)
[1102/212600.273:ERROR:process_reader_win.cc(151)] SuspendThread: Access is denied. (0x5)
[1102/212600.273:ERROR:process_reader_win.cc(151)] SuspendThread: Access is denied. (0x5)
[1102/212600.273:ERROR:process_reader_win.cc(151)] SuspendThread: Access is denied. (0x5)
[1102/212600.273:ERROR:process_reader_win.cc(151)] SuspendThread: Access is denied. (0x5)
[1102/212600.273:ERROR:process_reader_win.cc(123)] NtOpenThread: {Access Denied} A process has requested access to an object, but has not been granted those access rights. (0xc0000022)
[1102/212600.273:ERROR:process_reader_win.cc(151)] SuspendThread: Access is denied. (0x5)
[1102/212600.273:ERROR:exception_snapshot_win.cc(99)] thread ID 5000 not found in process
[1102/212600.273:ERROR:process_reader_win.cc(151)] SuspendThread: Access is denied. (0x5)
[1102/212600.273:ERROR:process_reader_win.cc(123)] NtOpenThread: {Access Denied} A process has requested access to an object, but has not been granted those access rights. (0xc0000022)
[1102/212600.273:ERROR:exception_snapshot_win.cc(99)] thread ID 9752 not found in process
[1102/212600.277:ERROR:process_reader_win.cc(151)] SuspendThread: Access is denied. (0x5)
[1102/212600.277:ERROR:process_reader_win.cc(151)] SuspendThread: Access is denied. (0x5)
[1102/212600.277:ERROR:process_reader_win.cc(151)] SuspendThread: Access is denied. (0x5)
[1102/212600.277:ERROR:process_reader_win.cc(151)] SuspendThread: Access is denied. (0x5)
[1102/212600.277:ERROR:process_reader_win.cc(151)] SuspendThread: Access is denied. (0x5)
[1102/212600.277:ERROR:process_reader_win.cc(151)] SuspendThread: Access is denied. (0x5)
[1102/212600.277:ERROR:process_reader_win.cc(151)] SuspendThread: Access is denied. (0x5)
[1102/212600.277:ERROR:process_reader_win.cc(123)] NtOpenThread: {Access Denied} A process has requested access to an object, but has not been granted those access rights. (0xc0000022)
[1102/212600.277:ERROR:exception_snapshot_win.cc(99)] thread ID 26780 not found in process
[1102/212600.279:ERROR:process_reader_win.cc(151)] SuspendThread: Access is denied. (0x5)
[1102/212600.279:ERROR:process_reader_win.cc(151)] SuspendThread: Access is denied. (0x5)
[1102/212600.279:ERROR:process_reader_win.cc(151)] SuspendThread: Access is denied. (0x5)
[1102/212600.279:ERROR:process_reader_win.cc(151)] SuspendThread: Access is denied. (0x5)
[1102/212600.279:ERROR:process_reader_win.cc(151)] SuspendThread: Access is denied. (0x5)
[1102/212600.279:ERROR:process_reader_win.cc(151)] SuspendThread: Access is denied. (0x5)
[1102/212600.279:ERROR:process_reader_win.cc(151)] SuspendThread: Access is denied. (0x5)
[1102/212600.279:ERROR:process_reader_win.cc(151)] SuspendThread: Access is denied. (0x5)
[1102/212600.279:ERROR:process_reader_win.cc(123)] NtOpenThread: {Access Denied} A process has requested access to an object, but has not been granted those access rights. (0xc0000022)
[1102/212600.279:ERROR:exception_snapshot_win.cc(99)] thread ID 24284 not found in process
[1102/212600.282:ERROR:process_reader_win.cc(151)] SuspendThread: Access is denied. (0x5)
[1102/212600.282:ERROR:process_reader_win.cc(151)] SuspendThread: Access is denied. (0x5)
[1102/212600.282:ERROR:process_reader_win.cc(151)] SuspendThread: Access is denied. (0x5)
[1102/212600.282:ERROR:process_reader_win.cc(151)] SuspendThread: Access is denied. (0x5)
[1102/212600.283:ERROR:process_reader_win.cc(151)] SuspendThread: Access is denied. (0x5)
[1102/212600.283:ERROR:process_reader_win.cc(151)] SuspendThread: Access is denied. (0x5)
[1102/212600.283:ERROR:process_reader_win.cc(151)] SuspendThread: Access is denied. (0x5)
[1102/212600.283:ERROR:process_reader_win.cc(151)] SuspendThread: Access is denied. (0x5)
[1102/212600.283:ERROR:process_reader_win.cc(123)] NtOpenThread: {Access Denied} A process has requested access to an object, but has not been granted those access rights. (0xc0000022)
[1102/212600.283:ERROR:exception_snapshot_win.cc(99)] thread ID 19076 not found in process
[1102/212600.286:ERROR:process_reader_win.cc(123)] NtOpenThread: {Access Denied} A process has requested access to an object, but has not been granted those access rights. (0xc0000022)
[1102/212600.286:ERROR:exception_snapshot_win.cc(99)] thread ID 24428 not found in process
[1210/194016.815:ERROR:directory_reader_win.cc(43)] FindFirstFile: The system cannot find the path specified. (0x3)
